// Jest Snapshot v1, https://goo.gl/fbAQLP

exports[`Home page render link to profile the about page 1`] = `null`;
